// Jest Snapshot v1, https://goo.gl/fbAQLP

exports[`makeReactNativeConfig creates config from defaults: diff ios/android config 1`] = `
"Snapshot Diff:
- First value
+ Second value

@@ -45,18 +45,18 @@
          \\"test\\": /\\\\.(aac|aiff|bmp|caf|gif|html|jpeg|jpg|m4a|m4v|mov|mp3|mp4|mpeg|mpg|obj|otf|pdf|png|psd|svg|ttf|wav|webm|webp)$/,
          \\"use\\": Object {
            \\"loader\\": \\"<<REPLACED>>/src/loaders/assetLoader.js\\",
            \\"query\\": Object {
              \\"bundle\\": undefined,
-             \\"platform\\": \\"ios\\",
+             \\"platform\\": \\"android\\",
              \\"root\\": \\"<<REPLACED>>/src/utils/__tests__/fixtures\\",
            },
          },
        },
      ],
    },
-   \\"name\\": \\"ios\\",
+   \\"name\\": \\"android\\",
    \\"optimization\\": Object {
      \\"concatenateModules\\": true,
      \\"minimize\\": false,
      \\"minimizer\\": Array [
        UglifyJsPlugin {
@@ -81,11 +81,11 @@
        },
      ],
      \\"namedModules\\": true,
    },
    \\"output\\": Object {
-     \\"filename\\": \\"index.ios.bundle\\",
+     \\"filename\\": \\"index.android.bundle\\",
      \\"path\\": \\"<<REPLACED>>/src/utils/__tests__/fixtures\\",
      \\"publicPath\\": \\"http://localhost:8081/\\",
    },
    \\"plugins\\": Array [
      CaseSensitivePathsPlugin {
@@ -149,11 +149,11 @@
    \\"resolve\\": Object {
      \\"alias\\": Object {
        \\"react-proxy\\": \\"@zamotany/react-proxy\\",
      },
      \\"extensions\\": Array [
-       \\".ios.js\\",
+       \\".android.js\\",
        \\".native.js\\",
        \\".js\\",
      ],
      \\"mainFields\\": Array [
        \\"react-native\\","
`;
