// Jest Snapshot v1, https://goo.gl/fbAQLP

exports[`init command on react-native project 1`] = `
"import { createWebpackConfig } from \\"@haul/cli\\";

export default {
  webpack: createWebpackConfig(({ platform }) => ({
    entry: \`./index.js\`
  }))
};"
`;
